// Jest Snapshot v1, https://goo.gl/fbAQLP

exports[`Contact element Contact should render properly 1`] = `
<article
  id="contact"
/>
`;
