// Jest Snapshot v1, https://goo.gl/fbAQLP

exports[`Portfolio element Portfolio should render properly 1`] = `
<article
  id="portfolio"
>
  <div
    className="slick-slider slick-initialized"
  >
    
    <div
      className="slick-list"
    >
      <div
        className="slick-track"
        onMouseEnter={[Function]}
        onMouseLeave={[Function]}
        onMouseOver={[Function]}
        style={
          Object {
            "WebkitTransform": "translate3d(0px, 0px, 0px)",
            "WebkitTransition": "",
            "msTransform": "translateX(0px)",
            "opacity": 1,
            "transform": "translate3d(0px, 0px, 0px)",
            "transition": "",
          }
        }
      />
    </div>
    
    
  </div>
</article>
`;
